Using pre-set license
Built from '2023.2/release' branch; Version is '2023.2.4f1 (3a7eb0602d92) revision 3833520'; Using compiler version '193431935'; Build Type 'Release'
OS: 'Windows 11  (10.0.26100) 64bit Core' Language: 'en' Physical Memory: 32045 MB
BatchMode: 1, IsHumanControllingUs: 0, StartBugReporterOnCrash: 0, Is64bit: 1, IsPro: 1

COMMAND LINE ARGUMENTS:
C:\Program Files\Unity\Hub\Editor\2023.2.4f1\Editor\Unity.exe
-adb2
-batchMode
-noUpm
-name
AssetImportWorker0
-projectPath
C:/Users/huang/Documents/GitHub/cs257-3
-logFile
Logs/AssetImportWorker0.log
-srvPort
61322
-job-worker-count
7
-background-job-worker-count
8
-asset-garbage-collectors
1
Successfully changed project path to: C:/Users/huang/Documents/GitHub/cs257-3
C:/Users/huang/Documents/GitHub/cs257-3
[UnityMemory] Configuration Parameters - Can be set up in boot.config
    "memorysetup-bucket-allocator-granularity=16"
    "memorysetup-bucket-allocator-bucket-count=8"
    "memorysetup-bucket-allocator-block-size=33554432"
    "memorysetup-bucket-allocator-block-count=8"
    "memorysetup-main-allocator-block-size=16777216"
    "memorysetup-thread-allocator-block-size=16777216"
    "memorysetup-gfx-main-allocator-block-size=16777216"
    "memorysetup-gfx-thread-allocator-block-size=16777216"
    "memorysetup-cache-allocator-block-size=4194304"
    "memorysetup-typetree-allocator-block-size=2097152"
    "memorysetup-profiler-bucket-allocator-granularity=16"
    "memorysetup-profiler-bucket-allocator-bucket-count=8"
    "memorysetup-profiler-bucket-allocator-block-size=33554432"
    "memorysetup-profiler-bucket-allocator-block-count=8"
    "memorysetup-profiler-allocator-block-size=16777216"
    "memorysetup-profiler-editor-allocator-block-size=1048576"
    "memorysetup-temp-allocator-size-main=16777216"
    "memorysetup-job-temp-allocator-block-size=2097152"
    "memorysetup-job-temp-allocator-block-size-background=1048576"
    "memorysetup-job-temp-allocator-reduction-small-platforms=262144"
    "memorysetup-allocator-temp-initial-block-size-main=262144"
    "memorysetup-allocator-temp-initial-block-size-worker=262144"
    "memorysetup-temp-allocator-size-background-worker=32768"
    "memorysetup-temp-allocator-size-job-worker=262144"
    "memorysetup-temp-allocator-size-preload-manager=33554432"
    "memorysetup-temp-allocator-size-nav-mesh-worker=65536"
    "memorysetup-temp-allocator-size-audio-worker=65536"
    "memorysetup-temp-allocator-size-cloud-worker=32768"
    "memorysetup-temp-allocator-size-gi-baking-worker=262144"
    "memorysetup-temp-allocator-size-gi-baking-worker=262144"
    "memorysetup-temp-allocator-size-gi-baking-worker=262144"
    "memorysetup-temp-allocator-size-gi-baking-worker=262144"
    "memorysetup-temp-allocator-size-gfx=262144"
Player connection [9540] Host "[IP] 100.76.14.31 [Port] 0 [Flags] 2 [Guid] 1300741205 [EditorId] 1300741205 [Version] 1048832 [Id] WindowsEditor(7,SAMUEL_LAPTOP) [Debug] 1 [PackageName] WindowsEditor [ProjectName] Editor" joined multi-casting on [225.0.0.222:54997]...
Player connection [9540] Host "[IP] 100.76.14.31 [Port] 0 [Flags] 2 [Guid] 1300741205 [EditorId] 1300741205 [Version] 1048832 [Id] WindowsEditor(7,SAMUEL_LAPTOP) [Debug] 1 [PackageName] WindowsEditor [ProjectName] Editor" joined alternative multi-casting on [225.0.0.222:34997]...
JobSystem: Creating JobQueue using job-worker-count value 7
[Physics::Module] Initialized MultithreadedJobDispatcher with 7 workers.
Library Redirect Path: Library/
Refreshing native plugins compatible for Editor in 3.06 ms, found 3 plugins.
Preloading 0 native plugins for Editor in 0.00 ms.
Initialize engine version: 2023.2.4f1 (3a7eb0602d92)
[Subsystems] Discovering subsystems at path C:/Program Files/Unity/Hub/Editor/2023.2.4f1/Editor/Data/Resources/UnitySubsystems
[Subsystems] Discovering subsystems at path C:/Users/huang/Documents/GitHub/cs257-3/Assets
GfxDevice: creating device client; kGfxThreadingModeNonThreaded
Direct3D:
    Version:  Direct3D 11.0 [level 11.1]
    Renderer: AMD Radeon 780M Graphics (ID=0x1900)
    Vendor:   ATI
    VRAM:     16022 MB
    Driver:   31.0.22060.5000
Initialize mono
Mono path[0] = 'C:/Program Files/Unity/Hub/Editor/2023.2.4f1/Editor/Data/Managed'
Mono path[1] = 'C:/Program Files/Unity/Hub/Editor/2023.2.4f1/Editor/Data/MonoBleedingEdge/lib/mono/unityjit-win32'
Mono config path = 'C:/Program Files/Unity/Hub/Editor/2023.2.4f1/Editor/Data/MonoBleedingEdge/etc'
Using monoOptions --debugger-agent=transport=dt_socket,embedding=1,server=y,suspend=n,address=127.0.0.1:56188
Begin MonoManager ReloadAssembly
C:\build\output\Unity-Technologies\mono\mono\metadata\icall.c:1842:
C:\build\output\Unity-Technologies\mono\mono\metadata\icall.c:1842:
C:\build\output\Unity-Technologies\mono\mono\metadata\icall.c:1842:
C:\build\output\Unity-Technologies\mono\mono\metadata\icall.c:1842:
C:\build\output\Unity-Technologies\mono\mono\metadata\icall.c:1842:
C:\build\output\Unity-Technologies\mono\mono\metadata\icall.c:1842:
C:\build\output\Unity-Technologies\mono\mono\metadata\icall.c:1842:
C:\build\output\Unity-Technologies\mono\mono\metadata\icall.c:1842:
C:\build\output\Unity-Technologies\mono\mono\metadata\icall.c:1842:
C:\build\output\Unity-Technologies\mono\mono\metadata\icall.c:1842:
Registering precompiled unity dll's ...
Register platform support module: C:/Program Files/Unity/Hub/Editor/2023.2.4f1/Editor/Data/PlaybackEngines/WindowsStandaloneSupport/UnityEditor.WindowsStandalone.Extensions.dll
Registered in 0.006417 seconds.
- Loaded All Assemblies, in  0.809 seconds
Native extension for WindowsStandalone target not found
Mono: successfully reloaded assembly
C:\build\output\Unity-Technologies\mono\mono\metadata\icall.c:1842:
C:\build\output\Unity-Technologies\mono\mono\metadata\icall.c:1842:
- Finished resetting the current domain, in  0.562 seconds
Domain Reload Profiling: 1367ms
	BeginReloadAssembly (255ms)
		ExecutionOrderSort (0ms)
		DisableScriptedObjects (0ms)
		BackupInstance (0ms)
		ReleaseScriptingObjects (0ms)
		CreateAndSetChildDomain (1ms)
	RebuildCommonClasses (84ms)
	RebuildNativeTypeToScriptingClass (27ms)
	initialDomainReloadingComplete (101ms)
	LoadAllAssembliesAndSetupDomain (337ms)
		LoadAssemblies (250ms)
		RebuildTransferFunctionScriptingTraits (0ms)
		AnalyzeDomain (331ms)
			TypeCache.Refresh (328ms)
				TypeCache.ScanAssembly (305ms)
			BuildScriptInfoCaches (0ms)
			ResolveRequiredComponents (1ms)
	FinalizeReload (563ms)
		ReleaseScriptCaches (0ms)
		RebuildScriptCaches (0ms)
		SetupLoadedEditorAssemblies (453ms)
			LogAssemblyErrors (0ms)
			InitializePlatformSupportModulesInManaged (19ms)
			SetLoadedEditorAssemblies (8ms)
			BeforeProcessingInitializeOnLoad (13ms)
			ProcessInitializeOnLoadAttributes (343ms)
			ProcessInitializeOnLoadMethodAttributes (69ms)
			AfterProcessingInitializeOnLoad (0ms)
			EditorAssembliesLoaded (0ms)
		ExecutionOrderSort2 (0ms)
		AwakeInstancesAfterBackupRestoration (0ms)
========================================================================
Worker process is ready to serve import requests
Import Worker Mode flag is 0x00
Begin MonoManager ReloadAssembly
C:\build\output\Unity-Technologies\mono\mono\metadata\icall.c:1842:
C:\build\output\Unity-Technologies\mono\mono\metadata\icall.c:1842:
C:\build\output\Unity-Technologies\mono\mono\metadata\icall.c:1842:
C:\build\output\Unity-Technologies\mono\mono\metadata\icall.c:1842:
C:\build\output\Unity-Technologies\mono\mono\metadata\icall.c:1842:
C:\build\output\Unity-Technologies\mono\mono\metadata\icall.c:1842:
C:\build\output\Unity-Technologies\mono\mono\metadata\icall.c:1842:
C:\build\output\Unity-Technologies\mono\mono\metadata\icall.c:1842:
C:\build\output\Unity-Technologies\mono\mono\metadata\icall.c:1842:
C:\build\output\Unity-Technologies\mono\mono\metadata\icall.c:1842:
C:\build\output\Unity-Technologies\mono\mono\metadata\icall.c:1842:
C:\build\output\Unity-Technologies\mono\mono\metadata\icall.c:1842:
Symbol file LoadedFromMemory doesn't match image C:\Users\huang\Documents\GitHub\cs257-3\Library\PackageCache\com.unity.visualscripting@1.8.0\Editor\VisualScripting.Core\Dependencies\YamlDotNet\Unity.VisualScripting.YamlDotNet.dll
Symbol file LoadedFromMemory doesn't match image C:\Users\huang\Documents\GitHub\cs257-3\Library\PackageCache\com.unity.visualscripting@1.8.0\Editor\VisualScripting.Core\Dependencies\DotNetZip\Unity.VisualScripting.IonicZip.dll
- Loaded All Assemblies, in  1.831 seconds
Refreshing native plugins compatible for Editor in 1.73 ms, found 3 plugins.
Native extension for WindowsStandalone target not found
Mono: successfully reloaded assembly
- Finished resetting the current domain, in  1.464 seconds
Domain Reload Profiling: 3285ms
	BeginReloadAssembly (646ms)
		ExecutionOrderSort (0ms)
		DisableScriptedObjects (14ms)
		BackupInstance (0ms)
		ReleaseScriptingObjects (0ms)
		CreateAndSetChildDomain (52ms)
	RebuildCommonClasses (104ms)
	RebuildNativeTypeToScriptingClass (38ms)
	initialDomainReloadingComplete (72ms)
	LoadAllAssembliesAndSetupDomain (961ms)
		LoadAssemblies (682ms)
		RebuildTransferFunctionScriptingTraits (0ms)
		AnalyzeDomain (488ms)
			TypeCache.Refresh (379ms)
				TypeCache.ScanAssembly (354ms)
			BuildScriptInfoCaches (78ms)
			ResolveRequiredComponents (23ms)
	FinalizeReload (1465ms)
		ReleaseScriptCaches (0ms)
		RebuildScriptCaches (0ms)
		SetupLoadedEditorAssemblies (1021ms)
			LogAssemblyErrors (0ms)
			InitializePlatformSupportModulesInManaged (4ms)
			SetLoadedEditorAssemblies (6ms)
			BeforeProcessingInitializeOnLoad (220ms)
			ProcessInitializeOnLoadAttributes (722ms)
			ProcessInitializeOnLoadMethodAttributes (60ms)
			AfterProcessingInitializeOnLoad (10ms)
			EditorAssembliesLoaded (0ms)
		ExecutionOrderSort2 (0ms)
		AwakeInstancesAfterBackupRestoration (15ms)
Launched and connected shader compiler UnityShaderCompiler.exe after 0.02 seconds
Refreshing native plugins compatible for Editor in 1.30 ms, found 3 plugins.
Preloading 0 native plugins for Editor in 0.00 ms.
Unloading 212 Unused Serialized files (Serialized files now loaded: 0)
Unloading 6949 unused Assets / (7.1 MB). Loaded Objects now: 7655.
Memory consumption went from 200.3 MB to 193.3 MB.
Total: 13.931800 ms (FindLiveObjects: 1.148300 ms CreateObjectMapping: 1.031900 ms MarkObjects: 6.506800 ms  DeleteObjects: 5.243100 ms)

========================================================================
Received Import Request.
  Time since last request: 264308.157816 seconds.
  path: Assets/DefaultVolumeProfile.asset
  artifactKey: Guid(52bddb6888bc2114e88dd50df857717e) Importer(815301076,1909f56bfc062723c751e8b465ee728b)
Start importing Assets/DefaultVolumeProfile.asset using Guid(52bddb6888bc2114e88dd50df857717e) Importer(815301076,1909f56bfc062723c751e8b465ee728b) (PreviewImporter) -> (artifact id: '283f052dbd93ea4d303e8f6a30e82afc') in 0.0319138 seconds
Number of updated asset objects reloaded before import = 0Number of asset objects unloaded after import = 1

========================================================================
Received Import Request.
  Time since last request: 0.000020 seconds.
  path: Assets/TerrainData_47e20dcc-5b16-4c0a-b0e1-95aaa6989439.asset
  artifactKey: Guid(ce17640ca77914594b30f86c225adb12) Importer(815301076,1909f56bfc062723c751e8b465ee728b)
Start importing Assets/TerrainData_47e20dcc-5b16-4c0a-b0e1-95aaa6989439.asset using Guid(ce17640ca77914594b30f86c225adb12) Importer(815301076,1909f56bfc062723c751e8b465ee728b) (PreviewImporter) -> (artifact id: '907eba1191043796d8e475df286c2e72') in 0.0227555 seconds
Number of updated asset objects reloaded before import = 0Number of asset objects unloaded after import = 12

========================================================================
Received Import Request.
  Time since last request: 25.079652 seconds.
  path: Assets
  artifactKey: Guid(00000000000000001000000000000000) Importer(815301076,1909f56bfc062723c751e8b465ee728b)
Start importing Assets using Guid(00000000000000001000000000000000) Importer(815301076,1909f56bfc062723c751e8b465ee728b) (PreviewImporter) -> (artifact id: '9acc32ba2ac08345ff3b47d77ccd6a4d') in 0.0010336 seconds
Number of updated asset objects reloaded before import = 0Number of asset objects unloaded after import = 0

========================================================================
Received Import Request.
  Time since last request: 5.051704 seconds.
  path: Assets/Prereqs
  artifactKey: Guid(5bbb2f88c10fecd4794b68e46da3d5d0) Importer(815301076,1909f56bfc062723c751e8b465ee728b)
Start importing Assets/Prereqs using Guid(5bbb2f88c10fecd4794b68e46da3d5d0) Importer(815301076,1909f56bfc062723c751e8b465ee728b) (PreviewImporter) -> (artifact id: '35b784c040c6d2e2d315ae726083c00e') in 0.0007421 seconds
Number of updated asset objects reloaded before import = 0Number of asset objects unloaded after import = 0

========================================================================
Received Import Request.
  Time since last request: 1.352539 seconds.
  path: Assets/Chapter 02
  artifactKey: Guid(27b2e083813554a4daeb072b91c416d3) Importer(815301076,1909f56bfc062723c751e8b465ee728b)
Start importing Assets/Chapter 02 using Guid(27b2e083813554a4daeb072b91c416d3) Importer(815301076,1909f56bfc062723c751e8b465ee728b) (PreviewImporter) -> (artifact id: 'daca834a11e02c213ed45e06b066b580') in 0.0011898 seconds
Number of updated asset objects reloaded before import = 0Number of asset objects unloaded after import = 0

========================================================================
Received Prepare
Refreshing native plugins compatible for Editor in 1.72 ms, found 3 plugins.
Preloading 0 native plugins for Editor in 0.00 ms.
Unloading 23 Unused Serialized files (Serialized files now loaded: 0)
Unloading 6940 unused Assets / (6.0 MB). Loaded Objects now: 7659.
Memory consumption went from 164.1 MB to 158.1 MB.
Total: 17.375600 ms (FindLiveObjects: 1.008000 ms CreateObjectMapping: 1.424400 ms MarkObjects: 10.822600 ms  DeleteObjects: 4.118100 ms)

Prepare: number of updated asset objects reloaded= 0
========================================================================
Received Import Request.
  Time since last request: 5.613415 seconds.
  path: Assets/Chapter 14 (CSharp)
  artifactKey: Guid(88d85d5ca1d931a4d9ec71592818600d) Importer(815301076,1909f56bfc062723c751e8b465ee728b)
Start importing Assets/Chapter 14 (CSharp) using Guid(88d85d5ca1d931a4d9ec71592818600d) Importer(815301076,1909f56bfc062723c751e8b465ee728b) (PreviewImporter) -> (artifact id: 'dfaf57b1464d928788fd5bb3680eba87') in 0.0014508 seconds
Number of updated asset objects reloaded before import = 0Number of asset objects unloaded after import = 0

========================================================================
Received Prepare
Begin MonoManager ReloadAssembly
C:\build\output\Unity-Technologies\mono\mono\metadata\icall.c:1842:
C:\build\output\Unity-Technologies\mono\mono\metadata\icall.c:1842:
C:\build\output\Unity-Technologies\mono\mono\metadata\icall.c:1842:
C:\build\output\Unity-Technologies\mono\mono\metadata\icall.c:1842:
C:\build\output\Unity-Technologies\mono\mono\metadata\icall.c:1842:
C:\build\output\Unity-Technologies\mono\mono\metadata\icall.c:1842:
C:\build\output\Unity-Technologies\mono\mono\metadata\icall.c:1842:
C:\build\output\Unity-Technologies\mono\mono\metadata\icall.c:1842:
C:\build\output\Unity-Technologies\mono\mono\metadata\icall.c:1842:
C:\build\output\Unity-Technologies\mono\mono\metadata\icall.c:1842:
C:\build\output\Unity-Technologies\mono\mono\metadata\icall.c:1842:
C:\build\output\Unity-Technologies\mono\mono\metadata\icall.c:1842:
Symbol file LoadedFromMemory doesn't match image C:\Users\huang\Documents\GitHub\cs257-3\Library\PackageCache\com.unity.visualscripting@1.8.0\Editor\VisualScripting.Core\Dependencies\YamlDotNet\Unity.VisualScripting.YamlDotNet.dll
Symbol file LoadedFromMemory doesn't match image C:\Users\huang\Documents\GitHub\cs257-3\Library\PackageCache\com.unity.visualscripting@1.8.0\Editor\VisualScripting.Core\Dependencies\DotNetZip\Unity.VisualScripting.IonicZip.dll
- Loaded All Assemblies, in  1.336 seconds
Refreshing native plugins compatible for Editor in 2.33 ms, found 3 plugins.
Native extension for WindowsStandalone target not found
Mono: successfully reloaded assembly
- Finished resetting the current domain, in  1.445 seconds
Domain Reload Profiling: 2777ms
	BeginReloadAssembly (350ms)
		ExecutionOrderSort (0ms)
		DisableScriptedObjects (10ms)
		BackupInstance (0ms)
		ReleaseScriptingObjects (0ms)
		CreateAndSetChildDomain (88ms)
	RebuildCommonClasses (87ms)
	RebuildNativeTypeToScriptingClass (29ms)
	initialDomainReloadingComplete (55ms)
	LoadAllAssembliesAndSetupDomain (811ms)
		LoadAssemblies (630ms)
		RebuildTransferFunctionScriptingTraits (0ms)
		AnalyzeDomain (351ms)
			TypeCache.Refresh (14ms)
				TypeCache.ScanAssembly (1ms)
			BuildScriptInfoCaches (306ms)
			ResolveRequiredComponents (24ms)
	FinalizeReload (1446ms)
		ReleaseScriptCaches (0ms)
		RebuildScriptCaches (0ms)
		SetupLoadedEditorAssemblies (985ms)
			LogAssemblyErrors (0ms)
			InitializePlatformSupportModulesInManaged (5ms)
			SetLoadedEditorAssemblies (6ms)
			BeforeProcessingInitializeOnLoad (266ms)
			ProcessInitializeOnLoadAttributes (646ms)
			ProcessInitializeOnLoadMethodAttributes (54ms)
			AfterProcessingInitializeOnLoad (8ms)
			EditorAssembliesLoaded (0ms)
		ExecutionOrderSort2 (0ms)
		AwakeInstancesAfterBackupRestoration (15ms)
Refreshing native plugins compatible for Editor in 2.00 ms, found 3 plugins.
Preloading 0 native plugins for Editor in 0.00 ms.
Unloading 35 Unused Serialized files (Serialized files now loaded: 0)
Unloading 6944 unused Assets / (6.3 MB). Loaded Objects now: 7672.
Memory consumption went from 176.5 MB to 170.2 MB.
Total: 15.174900 ms (FindLiveObjects: 1.276700 ms CreateObjectMapping: 1.199100 ms MarkObjects: 6.847400 ms  DeleteObjects: 5.849600 ms)

Prepare: number of updated asset objects reloaded= 0
========================================================================
Received Import Request.
  Time since last request: 15.250956 seconds.
  path: Assets/Chapter 14 (CSharp)/explosionsoundslite
  artifactKey: Guid(6b11d709cb471514495016342afd6181) Importer(815301076,1909f56bfc062723c751e8b465ee728b)
Start importing Assets/Chapter 14 (CSharp)/explosionsoundslite using Guid(6b11d709cb471514495016342afd6181) Importer(815301076,1909f56bfc062723c751e8b465ee728b) (PreviewImporter) -> (artifact id: '6bb86d9bffef71ee5ccca58256cc9830') in 0.0038197 seconds
Number of updated asset objects reloaded before import = 0Number of asset objects unloaded after import = 0

========================================================================
Received Import Request.
  Time since last request: 0.562016 seconds.
  path: Assets/Chapter 14 (CSharp)/Audio Mixers
  artifactKey: Guid(fb1216bf19af9214aaa1fe1854f64582) Importer(815301076,1909f56bfc062723c751e8b465ee728b)
Start importing Assets/Chapter 14 (CSharp)/Audio Mixers using Guid(fb1216bf19af9214aaa1fe1854f64582) Importer(815301076,1909f56bfc062723c751e8b465ee728b) (PreviewImporter) -> (artifact id: '126ca94fdd1e7097075cb71ca5595018') in 0.0010186 seconds
Number of updated asset objects reloaded before import = 0Number of asset objects unloaded after import = 0

========================================================================
Received Import Request.
  Time since last request: 0.176413 seconds.
  path: Assets/Chapter 14 (CSharp)/Audio Mixers/MainMixer.mixer
  artifactKey: Guid(9c008aefdb6640149abcd412f294f2ea) Importer(815301076,1909f56bfc062723c751e8b465ee728b)
Start importing Assets/Chapter 14 (CSharp)/Audio Mixers/MainMixer.mixer using Guid(9c008aefdb6640149abcd412f294f2ea) Importer(815301076,1909f56bfc062723c751e8b465ee728b) (PreviewImporter)Refreshing native plugins compatible for Editor in 2.60 ms, found 3 plugins.
Preloading 0 native plugins for Editor in 0.00 ms.
 -> (artifact id: 'b3576e8dbea1faf171e9058760e10a5e') in 0.0482427 seconds
Number of updated asset objects reloaded before import = 0Number of asset objects unloaded after import = 11

========================================================================
Received Import Request.
  Time since last request: 4.617966 seconds.
  path: Assets/Chapter 14 (CSharp)/FuturisticGunSoundFX
  artifactKey: Guid(af6bd1d5b3f0ac2408da62794b9bf974) Importer(815301076,1909f56bfc062723c751e8b465ee728b)
Start importing Assets/Chapter 14 (CSharp)/FuturisticGunSoundFX using Guid(af6bd1d5b3f0ac2408da62794b9bf974) Importer(815301076,1909f56bfc062723c751e8b465ee728b) (PreviewImporter) -> (artifact id: '01fb8c80e4cef27b0481a598d3360ebf') in 0.0009801 seconds
Number of updated asset objects reloaded before import = 0Number of asset objects unloaded after import = 0

========================================================================
Received Import Request.
  Time since last request: 10.341629 seconds.
  path: Assets/Chapter 14 (CSharp)/Prefabs
  artifactKey: Guid(3d4fd893d95ec4387bf33903622fb04e) Importer(815301076,1909f56bfc062723c751e8b465ee728b)
Start importing Assets/Chapter 14 (CSharp)/Prefabs using Guid(3d4fd893d95ec4387bf33903622fb04e) Importer(815301076,1909f56bfc062723c751e8b465ee728b) (PreviewImporter) -> (artifact id: 'c3400bdc273a16b74692fd3e8ce99c9b') in 0.0010897 seconds
Number of updated asset objects reloaded before import = 0Number of asset objects unloaded after import = 0

========================================================================
Received Import Request.
  Time since last request: 1.299996 seconds.
  path: Assets/Chapter 14 (CSharp)/Scripts
  artifactKey: Guid(177cc08da867f4c04835fd5d51a693ad) Importer(815301076,1909f56bfc062723c751e8b465ee728b)
Start importing Assets/Chapter 14 (CSharp)/Scripts using Guid(177cc08da867f4c04835fd5d51a693ad) Importer(815301076,1909f56bfc062723c751e8b465ee728b) (PreviewImporter) -> (artifact id: '4ec55a816752f91298ea7cc36f1986d2') in 0.0011139 seconds
Number of updated asset objects reloaded before import = 0Number of asset objects unloaded after import = 0

========================================================================
Received Import Request.
  Time since last request: 52.016952 seconds.
  path: Assets/Chapter 15 (CSharp)
  artifactKey: Guid(2aec4f3e5be4d4359a9992dc1954cd19) Importer(815301076,1909f56bfc062723c751e8b465ee728b)
Start importing Assets/Chapter 15 (CSharp) using Guid(2aec4f3e5be4d4359a9992dc1954cd19) Importer(815301076,1909f56bfc062723c751e8b465ee728b) (PreviewImporter) -> (artifact id: '12d9f315ecd632666f230de55ef780da') in 0.001327 seconds
Number of updated asset objects reloaded before import = 0Number of asset objects unloaded after import = 0

========================================================================
Received Import Request.
  Time since last request: 0.025351 seconds.
  path: Assets/Chapter 15 (CSharp)/SuperShooterInputs_Chapter15.inputactions
  artifactKey: Guid(1d861386617cd4ddf88cc29f5a218fce) Importer(815301076,1909f56bfc062723c751e8b465ee728b)
Start importing Assets/Chapter 15 (CSharp)/SuperShooterInputs_Chapter15.inputactions using Guid(1d861386617cd4ddf88cc29f5a218fce) Importer(815301076,1909f56bfc062723c751e8b465ee728b) (PreviewImporter) -> (artifact id: '7fea8660e5148a860dd7777e8baa8542') in 0.0103226 seconds
Number of updated asset objects reloaded before import = 0Number of asset objects unloaded after import = 15

========================================================================
Received Import Request.
  Time since last request: 2.203333 seconds.
  path: Assets/Chapter 15 (CSharp)/GUI_Parts
  artifactKey: Guid(ad245ca71e0c2bd4b8df8c6e427a3f2a) Importer(815301076,1909f56bfc062723c751e8b465ee728b)
Start importing Assets/Chapter 15 (CSharp)/GUI_Parts using Guid(ad245ca71e0c2bd4b8df8c6e427a3f2a) Importer(815301076,1909f56bfc062723c751e8b465ee728b) (PreviewImporter) -> (artifact id: '5598d6b0d1e390be81f30769470d1b09') in 0.001636 seconds
Number of updated asset objects reloaded before import = 0Number of asset objects unloaded after import = 0

========================================================================
Received Import Request.
  Time since last request: 4.392710 seconds.
  path: Assets/Chapter 15 (CSharp)/Game_Chapter15_CSharp.unity
  artifactKey: Guid(ab76e35aebe5e4d828dbd0eb1fb9822a) Importer(815301076,1909f56bfc062723c751e8b465ee728b)
Start importing Assets/Chapter 15 (CSharp)/Game_Chapter15_CSharp.unity using Guid(ab76e35aebe5e4d828dbd0eb1fb9822a) Importer(815301076,1909f56bfc062723c751e8b465ee728b) (PreviewImporter) -> (artifact id: '768c6e04bcaee2ea69d114af9411e6b2') in 0.0008742 seconds
Number of updated asset objects reloaded before import = 0Number of asset objects unloaded after import = 0

========================================================================
Received Prepare
Begin MonoManager ReloadAssembly
C:\build\output\Unity-Technologies\mono\mono\metadata\icall.c:1842:
C:\build\output\Unity-Technologies\mono\mono\metadata\icall.c:1842:
C:\build\output\Unity-Technologies\mono\mono\metadata\icall.c:1842:
C:\build\output\Unity-Technologies\mono\mono\metadata\icall.c:1842:
C:\build\output\Unity-Technologies\mono\mono\metadata\icall.c:1842:
C:\build\output\Unity-Technologies\mono\mono\metadata\icall.c:1842:
C:\build\output\Unity-Technologies\mono\mono\metadata\icall.c:1842:
C:\build\output\Unity-Technologies\mono\mono\metadata\icall.c:1842:
C:\build\output\Unity-Technologies\mono\mono\metadata\icall.c:1842:
C:\build\output\Unity-Technologies\mono\mono\metadata\icall.c:1842:
C:\build\output\Unity-Technologies\mono\mono\metadata\icall.c:1842:
C:\build\output\Unity-Technologies\mono\mono\metadata\icall.c:1842:
Symbol file LoadedFromMemory doesn't match image C:\Users\huang\Documents\GitHub\cs257-3\Library\PackageCache\com.unity.visualscripting@1.8.0\Editor\VisualScripting.Core\Dependencies\YamlDotNet\Unity.VisualScripting.YamlDotNet.dll
Symbol file LoadedFromMemory doesn't match image C:\Users\huang\Documents\GitHub\cs257-3\Library\PackageCache\com.unity.visualscripting@1.8.0\Editor\VisualScripting.Core\Dependencies\DotNetZip\Unity.VisualScripting.IonicZip.dll
- Loaded All Assemblies, in  1.313 seconds
Refreshing native plugins compatible for Editor in 1.55 ms, found 3 plugins.
Native extension for WindowsStandalone target not found
Mono: successfully reloaded assembly
- Finished resetting the current domain, in  1.655 seconds
Domain Reload Profiling: 2967ms
	BeginReloadAssembly (421ms)
		ExecutionOrderSort (0ms)
		DisableScriptedObjects (8ms)
		BackupInstance (0ms)
		ReleaseScriptingObjects (0ms)
		CreateAndSetChildDomain (87ms)
	RebuildCommonClasses (74ms)
	RebuildNativeTypeToScriptingClass (23ms)
	initialDomainReloadingComplete (48ms)
	LoadAllAssembliesAndSetupDomain (745ms)
		LoadAssemblies (650ms)
		RebuildTransferFunctionScriptingTraits (0ms)
		AnalyzeDomain (342ms)
			TypeCache.Refresh (10ms)
				TypeCache.ScanAssembly (0ms)
			BuildScriptInfoCaches (297ms)
			ResolveRequiredComponents (24ms)
	FinalizeReload (1656ms)
		ReleaseScriptCaches (0ms)
		RebuildScriptCaches (0ms)
		SetupLoadedEditorAssemblies (1184ms)
			LogAssemblyErrors (0ms)
			InitializePlatformSupportModulesInManaged (5ms)
			SetLoadedEditorAssemblies (6ms)
			BeforeProcessingInitializeOnLoad (285ms)
			ProcessInitializeOnLoadAttributes (801ms)
			ProcessInitializeOnLoadMethodAttributes (76ms)
			AfterProcessingInitializeOnLoad (11ms)
			EditorAssembliesLoaded (1ms)
		ExecutionOrderSort2 (0ms)
		AwakeInstancesAfterBackupRestoration (21ms)
Refreshing native plugins compatible for Editor in 2.11 ms, found 3 plugins.
Preloading 0 native plugins for Editor in 0.00 ms.
Unloading 23 Unused Serialized files (Serialized files now loaded: 0)
Unloading 6945 unused Assets / (6.0 MB). Loaded Objects now: 7672.
Memory consumption went from 177.8 MB to 171.9 MB.
Total: 20.622600 ms (FindLiveObjects: 1.758700 ms CreateObjectMapping: 1.724700 ms MarkObjects: 9.728400 ms  DeleteObjects: 7.408900 ms)

Prepare: number of updated asset objects reloaded= 16
========================================================================
Received Import Request.
  Time since last request: 53.091913 seconds.
  path: Assets/Chapter 15 (CSharp)/Prefabs/Enemy_Chapter15.prefab
  artifactKey: Guid(9a3d44736ad104916808fda8f482e3ec) Importer(815301076,1909f56bfc062723c751e8b465ee728b)
Start importing Assets/Chapter 15 (CSharp)/Prefabs/Enemy_Chapter15.prefab using Guid(9a3d44736ad104916808fda8f482e3ec) Importer(815301076,1909f56bfc062723c751e8b465ee728b) (PreviewImporter)Refreshing native plugins compatible for Editor in 1.79 ms, found 3 plugins.
Preloading 0 native plugins for Editor in 0.00 ms.
 -> (artifact id: '27bd9f822955b365ec76a7196ca7d9ce') in 1.742593 seconds
Number of updated asset objects reloaded before import = 0Number of asset objects unloaded after import = 350

========================================================================
Received Import Request.
  Time since last request: 6.954982 seconds.
  path: Assets/Prereqs/Chapter 11 (CSharp)/Materials/Explosion.mat
  artifactKey: Guid(de7b6f4771b0ba840a96d6215b458c88) Importer(815301076,1909f56bfc062723c751e8b465ee728b)
Start importing Assets/Prereqs/Chapter 11 (CSharp)/Materials/Explosion.mat using Guid(de7b6f4771b0ba840a96d6215b458c88) Importer(815301076,1909f56bfc062723c751e8b465ee728b) (PreviewImporter) -> (artifact id: 'de7590d48e24c1614f15a8561e6e7c6b') in 0.2080986 seconds
Number of updated asset objects reloaded before import = 0Number of asset objects unloaded after import = 5

========================================================================
Received Import Request.
  Time since last request: 0.000047 seconds.
  path: Assets/Prereqs/Chapter 11 (CSharp)/EffectExamples/FireExplosionEffects/Prefabs/SmallExplosionEffect.prefab
  artifactKey: Guid(cc853c08c23b94f1a89a043348277081) Importer(815301076,1909f56bfc062723c751e8b465ee728b)
Start importing Assets/Prereqs/Chapter 11 (CSharp)/EffectExamples/FireExplosionEffects/Prefabs/SmallExplosionEffect.prefab using Guid(cc853c08c23b94f1a89a043348277081) Importer(815301076,1909f56bfc062723c751e8b465ee728b) (PreviewImporter) -> (artifact id: 'd1d9728cbb7658bec769982c9bc95b19') in 0.303935 seconds
Number of updated asset objects reloaded before import = 0Number of asset objects unloaded after import = 27

========================================================================
Received Import Request.
  Time since last request: 0.000049 seconds.
  path: Assets/Prereqs/Chapter 11 (CSharp)/EffectExamples2/FireExplosionEffects/Materials/PlasmaExplosionParticle.mat
  artifactKey: Guid(7ff1ab0b724442843965e2dd0f02e969) Importer(815301076,1909f56bfc062723c751e8b465ee728b)
Start importing Assets/Prereqs/Chapter 11 (CSharp)/EffectExamples2/FireExplosionEffects/Materials/PlasmaExplosionParticle.mat using Guid(7ff1ab0b724442843965e2dd0f02e969) Importer(815301076,1909f56bfc062723c751e8b465ee728b) (PreviewImporter) -> (artifact id: '3dab030b4f6c954de9ece866e13e9643') in 1.1070178 seconds
Number of updated asset objects reloaded before import = 0Number of asset objects unloaded after import = 5

========================================================================
Received Prepare
Begin MonoManager ReloadAssembly
C:\build\output\Unity-Technologies\mono\mono\metadata\icall.c:1842:
C:\build\output\Unity-Technologies\mono\mono\metadata\icall.c:1842:
C:\build\output\Unity-Technologies\mono\mono\metadata\icall.c:1842:
C:\build\output\Unity-Technologies\mono\mono\metadata\icall.c:1842:
C:\build\output\Unity-Technologies\mono\mono\metadata\icall.c:1842:
C:\build\output\Unity-Technologies\mono\mono\metadata\icall.c:1842:
C:\build\output\Unity-Technologies\mono\mono\metadata\icall.c:1842:
C:\build\output\Unity-Technologies\mono\mono\metadata\icall.c:1842:
C:\build\output\Unity-Technologies\mono\mono\metadata\icall.c:1842:
C:\build\output\Unity-Technologies\mono\mono\metadata\icall.c:1842:
C:\build\output\Unity-Technologies\mono\mono\metadata\icall.c:1842:
C:\build\output\Unity-Technologies\mono\mono\metadata\icall.c:1842:
Symbol file LoadedFromMemory doesn't match image C:\Users\huang\Documents\GitHub\cs257-3\Library\PackageCache\com.unity.visualscripting@1.8.0\Editor\VisualScripting.Core\Dependencies\YamlDotNet\Unity.VisualScripting.YamlDotNet.dll
Symbol file LoadedFromMemory doesn't match image C:\Users\huang\Documents\GitHub\cs257-3\Library\PackageCache\com.unity.visualscripting@1.8.0\Editor\VisualScripting.Core\Dependencies\DotNetZip\Unity.VisualScripting.IonicZip.dll
- Loaded All Assemblies, in  1.190 seconds
Refreshing native plugins compatible for Editor in 2.27 ms, found 3 plugins.
Native extension for WindowsStandalone target not found
Mono: successfully reloaded assembly
- Finished resetting the current domain, in  1.454 seconds
Domain Reload Profiling: 2642ms
	BeginReloadAssembly (229ms)
		ExecutionOrderSort (0ms)
		DisableScriptedObjects (12ms)
		BackupInstance (0ms)
		ReleaseScriptingObjects (0ms)
		CreateAndSetChildDomain (71ms)
	RebuildCommonClasses (39ms)
	RebuildNativeTypeToScriptingClass (22ms)
	initialDomainReloadingComplete (44ms)
	LoadAllAssembliesAndSetupDomain (854ms)
		LoadAssemblies (594ms)
		RebuildTransferFunctionScriptingTraits (0ms)
		AnalyzeDomain (350ms)
			TypeCache.Refresh (10ms)
				TypeCache.ScanAssembly (0ms)
			BuildScriptInfoCaches (305ms)
			ResolveRequiredComponents (29ms)
	FinalizeReload (1455ms)
		ReleaseScriptCaches (0ms)
		RebuildScriptCaches (0ms)
		SetupLoadedEditorAssemblies (993ms)
			LogAssemblyErrors (0ms)
			InitializePlatformSupportModulesInManaged (5ms)
			SetLoadedEditorAssemblies (7ms)
			BeforeProcessingInitializeOnLoad (236ms)
			ProcessInitializeOnLoadAttributes (660ms)
			ProcessInitializeOnLoadMethodAttributes (73ms)
			AfterProcessingInitializeOnLoad (12ms)
			EditorAssembliesLoaded (1ms)
		ExecutionOrderSort2 (0ms)
		AwakeInstancesAfterBackupRestoration (27ms)
Refreshing native plugins compatible for Editor in 2.04 ms, found 3 plugins.
Preloading 0 native plugins for Editor in 0.00 ms.
Unloading 23 Unused Serialized files (Serialized files now loaded: 0)
Unloading 6947 unused Assets / (6.1 MB). Loaded Objects now: 7737.
Memory consumption went from 191.1 MB to 185.1 MB.
Total: 23.467100 ms (FindLiveObjects: 1.238400 ms CreateObjectMapping: 1.124600 ms MarkObjects: 12.876400 ms  DeleteObjects: 8.225200 ms)

Prepare: number of updated asset objects reloaded= 0
========================================================================
Received Import Request.
  Time since last request: 112.245764 seconds.
  path: Assets/Sounds
  artifactKey: Guid(726e6ce5d3df1e449a30a9e999a2ccd6) Importer(815301076,1909f56bfc062723c751e8b465ee728b)
Start importing Assets/Sounds using Guid(726e6ce5d3df1e449a30a9e999a2ccd6) Importer(815301076,1909f56bfc062723c751e8b465ee728b) (PreviewImporter) -> (artifact id: '15c2c2bfafba678e30033492a7448757') in 0.0026238 seconds
Number of updated asset objects reloaded before import = 0Number of asset objects unloaded after import = 0

========================================================================
Received Import Request.
  Time since last request: 9.429887 seconds.
  path: Assets/Sprites
  artifactKey: Guid(d84cdf9ee2bfbb249a103367c5997cd4) Importer(815301076,1909f56bfc062723c751e8b465ee728b)
Start importing Assets/Sprites using Guid(d84cdf9ee2bfbb249a103367c5997cd4) Importer(815301076,1909f56bfc062723c751e8b465ee728b) (PreviewImporter) -> (artifact id: '7e4f2982afdff6588caaee5c16a735a1') in 0.0011166 seconds
Number of updated asset objects reloaded before import = 0Number of asset objects unloaded after import = 0

========================================================================
Received Import Request.
  Time since last request: 30.612910 seconds.
  path: Assets/Sprites/background.png
  artifactKey: Guid(a9c88ad50d401aa46b90b8016f7fda85) Importer(815301076,1909f56bfc062723c751e8b465ee728b)
Start importing Assets/Sprites/background.png using Guid(a9c88ad50d401aa46b90b8016f7fda85) Importer(815301076,1909f56bfc062723c751e8b465ee728b) (PreviewImporter) -> (artifact id: 'a1cb87c10b906574edea193e76229e71') in 0.1635506 seconds
Number of updated asset objects reloaded before import = 0Number of asset objects unloaded after import = 2

========================================================================
Received Import Request.
  Time since last request: 0.000039 seconds.
  path: Assets/Sprites/shootsound.mp3
  artifactKey: Guid(3f4a099254b6aa649b404ab3480cd977) Importer(815301076,1909f56bfc062723c751e8b465ee728b)
Start importing Assets/Sprites/shootsound.mp3 using Guid(3f4a099254b6aa649b404ab3480cd977) Importer(815301076,1909f56bfc062723c751e8b465ee728b) (PreviewImporter) -> (artifact id: 'e5996d5472659b98f11f35e45879d707') in 0.0961898 seconds
Number of updated asset objects reloaded before import = 0Number of asset objects unloaded after import = 2

========================================================================
Received Import Request.
  Time since last request: 7.164732 seconds.
  path: Assets/Sounds/jixaw-metal-pipe-falling-sound.mp3
  artifactKey: Guid(a82385cb13085f0469fb69f6f20a2cfd) Importer(815301076,1909f56bfc062723c751e8b465ee728b)
Start importing Assets/Sounds/jixaw-metal-pipe-falling-sound.mp3 using Guid(a82385cb13085f0469fb69f6f20a2cfd) Importer(815301076,1909f56bfc062723c751e8b465ee728b) (PreviewImporter) -> (artifact id: '4d6442a8bf17e39038e562d47bc0d069') in 0.041354 seconds
Number of updated asset objects reloaded before import = 0Number of asset objects unloaded after import = 2

========================================================================
Received Import Request.
  Time since last request: 10.609388 seconds.
  path: Assets/Chapter 15 (CSharp)/Game_Chapter15_CSharp
  artifactKey: Guid(7b4aaf115492f41fda588a9de609a5b9) Importer(815301076,1909f56bfc062723c751e8b465ee728b)
Start importing Assets/Chapter 15 (CSharp)/Game_Chapter15_CSharp using Guid(7b4aaf115492f41fda588a9de609a5b9) Importer(815301076,1909f56bfc062723c751e8b465ee728b) (PreviewImporter) -> (artifact id: '014ddc9dab58552394948dc71d12c907') in 0.0010468 seconds
Number of updated asset objects reloaded before import = 0Number of asset objects unloaded after import = 0

========================================================================
Received Import Request.
  Time since last request: 0.392368 seconds.
  path: Assets/Chapter 15 (CSharp)/Game_Chapter15_CSharp/NavMesh-Base.asset
  artifactKey: Guid(3c116993ab0cd4b3289014c151d0ee8c) Importer(815301076,1909f56bfc062723c751e8b465ee728b)
Start importing Assets/Chapter 15 (CSharp)/Game_Chapter15_CSharp/NavMesh-Base.asset using Guid(3c116993ab0cd4b3289014c151d0ee8c) Importer(815301076,1909f56bfc062723c751e8b465ee728b) (PreviewImporter) -> (artifact id: 'aa131c746c8e73a886af62221e02e1a8') in 0.0031957 seconds
Number of updated asset objects reloaded before import = 0Number of asset objects unloaded after import = 1

========================================================================
Received Import Request.
  Time since last request: 1.220210 seconds.
  path: Assets/Chapter 15 (CSharp)/Fonts
  artifactKey: Guid(ec534bf610dc34944add383319affef0) Importer(815301076,1909f56bfc062723c751e8b465ee728b)
Start importing Assets/Chapter 15 (CSharp)/Fonts using Guid(ec534bf610dc34944add383319affef0) Importer(815301076,1909f56bfc062723c751e8b465ee728b) (PreviewImporter) -> (artifact id: 'e6834d496765b83260c3aa9996bb9c18') in 0.0010695 seconds
Number of updated asset objects reloaded before import = 0Number of asset objects unloaded after import = 0

========================================================================
Received Import Request.
  Time since last request: 0.055970 seconds.
  path: Assets/Chapter 15 (CSharp)/Fonts/militech_r_2019-04-13.ttf
  artifactKey: Guid(1e549b8d94c55d944b287bd52be88a50) Importer(815301076,1909f56bfc062723c751e8b465ee728b)
Start importing Assets/Chapter 15 (CSharp)/Fonts/militech_r_2019-04-13.ttf using Guid(1e549b8d94c55d944b287bd52be88a50) Importer(815301076,1909f56bfc062723c751e8b465ee728b) (PreviewImporter) -> (artifact id: '447cfd3fec57e54e069bf393a498a322') in 0.4420988 seconds
Number of updated asset objects reloaded before import = 0Number of asset objects unloaded after import = 6

========================================================================
Received Import Request.
  Time since last request: 9.791777 seconds.
  path: Assets/Prereqs/Chapter 11 (CSharp)/EffectExamples2/WeaponEffects/Materials/MuzzleFlashParticle.mat
  artifactKey: Guid(527027c8baf2f0540be3104a3ec38a99) Importer(815301076,1909f56bfc062723c751e8b465ee728b)
Start importing Assets/Prereqs/Chapter 11 (CSharp)/EffectExamples2/WeaponEffects/Materials/MuzzleFlashParticle.mat using Guid(527027c8baf2f0540be3104a3ec38a99) Importer(815301076,1909f56bfc062723c751e8b465ee728b) (PreviewImporter) -> (artifact id: '02296da02c5bdc46ea7e8e776ee14f25') in 0.040427 seconds
Number of updated asset objects reloaded before import = 0Number of asset objects unloaded after import = 4

========================================================================
Received Import Request.
  Time since last request: 27.466386 seconds.
  path: Assets/Chapter 15 (CSharp)/Prefabs/Enemy_Chapter15.prefab
  artifactKey: Guid(9a3d44736ad104916808fda8f482e3ec) Importer(815301076,1909f56bfc062723c751e8b465ee728b)
Start importing Assets/Chapter 15 (CSharp)/Prefabs/Enemy_Chapter15.prefab using Guid(9a3d44736ad104916808fda8f482e3ec) Importer(815301076,1909f56bfc062723c751e8b465ee728b) (PreviewImporter)Refreshing native plugins compatible for Editor in 1.67 ms, found 3 plugins.
Preloading 0 native plugins for Editor in 0.00 ms.
 -> (artifact id: '9e1d452f8b57eb92517dd2953cff3163') in 0.1116091 seconds
Number of updated asset objects reloaded before import = 0Number of asset objects unloaded after import = 373

========================================================================
Received Import Request.
  Time since last request: 4.536544 seconds.
  path: Assets/Prereqs/Chapter 11 (CSharp)/EffectExamples2/FireExplosionEffects/Materials/SmokeDarkParticle.mat
  artifactKey: Guid(698a8134f4ebbbd4e848648685f68067) Importer(815301076,1909f56bfc062723c751e8b465ee728b)
Start importing Assets/Prereqs/Chapter 11 (CSharp)/EffectExamples2/FireExplosionEffects/Materials/SmokeDarkParticle.mat using Guid(698a8134f4ebbbd4e848648685f68067) Importer(815301076,1909f56bfc062723c751e8b465ee728b) (PreviewImporter) -> (artifact id: '1ac18d44ee56eb496b9f2540fb1a89ff') in 0.1689036 seconds
Number of updated asset objects reloaded before import = 0Number of asset objects unloaded after import = 5

========================================================================
Received Import Request.
  Time since last request: 4.624294 seconds.
  path: Assets/Prereqs/Chapter 11 (CSharp)/EffectExamples/FireExplosionEffects/Prefabs/SmallExplosionEffect.prefab
  artifactKey: Guid(cc853c08c23b94f1a89a043348277081) Importer(815301076,1909f56bfc062723c751e8b465ee728b)
Start importing Assets/Prereqs/Chapter 11 (CSharp)/EffectExamples/FireExplosionEffects/Prefabs/SmallExplosionEffect.prefab using Guid(cc853c08c23b94f1a89a043348277081) Importer(815301076,1909f56bfc062723c751e8b465ee728b) (PreviewImporter) -> (artifact id: '54bf2a596693caf751c7895a80ea7a07') in 0.0280549 seconds
Number of updated asset objects reloaded before import = 0Number of asset objects unloaded after import = 28

========================================================================
Received Prepare
Begin MonoManager ReloadAssembly
C:\build\output\Unity-Technologies\mono\mono\metadata\icall.c:1842:
C:\build\output\Unity-Technologies\mono\mono\metadata\icall.c:1842:
C:\build\output\Unity-Technologies\mono\mono\metadata\icall.c:1842:
C:\build\output\Unity-Technologies\mono\mono\metadata\icall.c:1842:
C:\build\output\Unity-Technologies\mono\mono\metadata\icall.c:1842:
C:\build\output\Unity-Technologies\mono\mono\metadata\icall.c:1842:
C:\build\output\Unity-Technologies\mono\mono\metadata\icall.c:1842:
C:\build\output\Unity-Technologies\mono\mono\metadata\icall.c:1842:
C:\build\output\Unity-Technologies\mono\mono\metadata\icall.c:1842:
C:\build\output\Unity-Technologies\mono\mono\metadata\icall.c:1842:
C:\build\output\Unity-Technologies\mono\mono\metadata\icall.c:1842:
C:\build\output\Unity-Technologies\mono\mono\metadata\icall.c:1842:
Symbol file LoadedFromMemory doesn't match image C:\Users\huang\Documents\GitHub\cs257-3\Library\PackageCache\com.unity.visualscripting@1.8.0\Editor\VisualScripting.Core\Dependencies\YamlDotNet\Unity.VisualScripting.YamlDotNet.dll
Symbol file LoadedFromMemory doesn't match image C:\Users\huang\Documents\GitHub\cs257-3\Library\PackageCache\com.unity.visualscripting@1.8.0\Editor\VisualScripting.Core\Dependencies\DotNetZip\Unity.VisualScripting.IonicZip.dll
- Loaded All Assemblies, in  1.184 seconds
Refreshing native plugins compatible for Editor in 1.60 ms, found 3 plugins.
Native extension for WindowsStandalone target not found
Mono: successfully reloaded assembly
- Finished resetting the current domain, in  1.582 seconds
Domain Reload Profiling: 2765ms
	BeginReloadAssembly (375ms)
		ExecutionOrderSort (0ms)
		DisableScriptedObjects (21ms)
		BackupInstance (0ms)
		ReleaseScriptingObjects (0ms)
		CreateAndSetChildDomain (113ms)
	RebuildCommonClasses (57ms)
	RebuildNativeTypeToScriptingClass (21ms)
	initialDomainReloadingComplete (42ms)
	LoadAllAssembliesAndSetupDomain (686ms)
		LoadAssemblies (539ms)
		RebuildTransferFunctionScriptingTraits (0ms)
		AnalyzeDomain (297ms)
			TypeCache.Refresh (8ms)
				TypeCache.ScanAssembly (0ms)
			BuildScriptInfoCaches (267ms)
			ResolveRequiredComponents (17ms)
	FinalizeReload (1584ms)
		ReleaseScriptCaches (0ms)
		RebuildScriptCaches (0ms)
		SetupLoadedEditorAssemblies (1052ms)
			LogAssemblyErrors (0ms)
			InitializePlatformSupportModulesInManaged (12ms)
			SetLoadedEditorAssemblies (6ms)
			BeforeProcessingInitializeOnLoad (202ms)
			ProcessInitializeOnLoadAttributes (748ms)
			ProcessInitializeOnLoadMethodAttributes (72ms)
			AfterProcessingInitializeOnLoad (11ms)
			EditorAssembliesLoaded (0ms)
		ExecutionOrderSort2 (0ms)
		AwakeInstancesAfterBackupRestoration (26ms)
Refreshing native plugins compatible for Editor in 2.32 ms, found 3 plugins.
Preloading 0 native plugins for Editor in 0.00 ms.
Unloading 23 Unused Serialized files (Serialized files now loaded: 0)
Unloading 6947 unused Assets / (6.4 MB). Loaded Objects now: 7767.
Memory consumption went from 193.3 MB to 186.9 MB.
Total: 23.443500 ms (FindLiveObjects: 1.324200 ms CreateObjectMapping: 1.669700 ms MarkObjects: 12.945100 ms  DeleteObjects: 7.501800 ms)

Prepare: number of updated asset objects reloaded= 0
========================================================================
Received Import Request.
  Time since last request: 42.013885 seconds.
  path: Assets/Chapter 15 (CSharp)/Prefabs/Enemy_Chapter15.prefab
  artifactKey: Guid(9a3d44736ad104916808fda8f482e3ec) Importer(815301076,1909f56bfc062723c751e8b465ee728b)
Start importing Assets/Chapter 15 (CSharp)/Prefabs/Enemy_Chapter15.prefab using Guid(9a3d44736ad104916808fda8f482e3ec) Importer(815301076,1909f56bfc062723c751e8b465ee728b) (PreviewImporter)Refreshing native plugins compatible for Editor in 2.08 ms, found 3 plugins.
Preloading 0 native plugins for Editor in 0.00 ms.
 -> (artifact id: 'e1e89cc1c405979a14d72fc54cc79c24') in 0.5881781 seconds
Number of updated asset objects reloaded before import = 0Number of asset objects unloaded after import = 375

========================================================================
Received Prepare
Begin MonoManager ReloadAssembly
C:\build\output\Unity-Technologies\mono\mono\metadata\icall.c:1842:
C:\build\output\Unity-Technologies\mono\mono\metadata\icall.c:1842:
C:\build\output\Unity-Technologies\mono\mono\metadata\icall.c:1842:
C:\build\output\Unity-Technologies\mono\mono\metadata\icall.c:1842:
C:\build\output\Unity-Technologies\mono\mono\metadata\icall.c:1842:
C:\build\output\Unity-Technologies\mono\mono\metadata\icall.c:1842:
C:\build\output\Unity-Technologies\mono\mono\metadata\icall.c:1842:
C:\build\output\Unity-Technologies\mono\mono\metadata\icall.c:1842:
C:\build\output\Unity-Technologies\mono\mono\metadata\icall.c:1842:
C:\build\output\Unity-Technologies\mono\mono\metadata\icall.c:1842:
C:\build\output\Unity-Technologies\mono\mono\metadata\icall.c:1842:
C:\build\output\Unity-Technologies\mono\mono\metadata\icall.c:1842:
Symbol file LoadedFromMemory doesn't match image C:\Users\huang\Documents\GitHub\cs257-3\Library\PackageCache\com.unity.visualscripting@1.8.0\Editor\VisualScripting.Core\Dependencies\YamlDotNet\Unity.VisualScripting.YamlDotNet.dll
Symbol file LoadedFromMemory doesn't match image C:\Users\huang\Documents\GitHub\cs257-3\Library\PackageCache\com.unity.visualscripting@1.8.0\Editor\VisualScripting.Core\Dependencies\DotNetZip\Unity.VisualScripting.IonicZip.dll
- Loaded All Assemblies, in  1.219 seconds
Refreshing native plugins compatible for Editor in 2.59 ms, found 3 plugins.
Native extension for WindowsStandalone target not found
Mono: successfully reloaded assembly
- Finished resetting the current domain, in  1.425 seconds
Domain Reload Profiling: 2636ms
	BeginReloadAssembly (338ms)
		ExecutionOrderSort (0ms)
		DisableScriptedObjects (20ms)
		BackupInstance (0ms)
		ReleaseScriptingObjects (1ms)
		CreateAndSetChildDomain (88ms)
	RebuildCommonClasses (66ms)
	RebuildNativeTypeToScriptingClass (25ms)
	initialDomainReloadingComplete (55ms)
	LoadAllAssembliesAndSetupDomain (726ms)
		LoadAssemblies (549ms)
		RebuildTransferFunctionScriptingTraits (0ms)
		AnalyzeDomain (335ms)
			TypeCache.Refresh (12ms)
				TypeCache.ScanAssembly (0ms)
			BuildScriptInfoCaches (295ms)
			ResolveRequiredComponents (20ms)
	FinalizeReload (1426ms)
		ReleaseScriptCaches (0ms)
		RebuildScriptCaches (0ms)
		SetupLoadedEditorAssemblies (997ms)
			LogAssemblyErrors (0ms)
			InitializePlatformSupportModulesInManaged (4ms)
			SetLoadedEditorAssemblies (6ms)
			BeforeProcessingInitializeOnLoad (215ms)
			ProcessInitializeOnLoadAttributes (687ms)
			ProcessInitializeOnLoadMethodAttributes (71ms)
			AfterProcessingInitializeOnLoad (12ms)
			EditorAssembliesLoaded (1ms)
		ExecutionOrderSort2 (0ms)
		AwakeInstancesAfterBackupRestoration (24ms)
Refreshing native plugins compatible for Editor in 2.10 ms, found 3 plugins.
Preloading 0 native plugins for Editor in 0.00 ms.
Unloading 23 Unused Serialized files (Serialized files now loaded: 0)
Unloading 6947 unused Assets / (6.5 MB). Loaded Objects now: 7789.
Memory consumption went from 195.3 MB to 188.8 MB.
Total: 24.224200 ms (FindLiveObjects: 1.201800 ms CreateObjectMapping: 1.539000 ms MarkObjects: 12.392200 ms  DeleteObjects: 9.089500 ms)

Prepare: number of updated asset objects reloaded= 0
========================================================================
Received Import Request.
  Time since last request: 105.783744 seconds.
  path: Assets/Sounds/A Childs Dream (2min 33s - Harp Solo + Effects - Loopable).wav
  artifactKey: Guid(8fb28b5156021ab48a1932d143717260) Importer(815301076,1909f56bfc062723c751e8b465ee728b)
Start importing Assets/Sounds/A Childs Dream (2min 33s - Harp Solo + Effects - Loopable).wav using Guid(8fb28b5156021ab48a1932d143717260) Importer(815301076,1909f56bfc062723c751e8b465ee728b) (PreviewImporter) -> (artifact id: 'dabf846cba519e60c530c348530b43e8') in 0.1553231 seconds
Number of updated asset objects reloaded before import = 0Number of asset objects unloaded after import = 2

========================================================================
Received Import Request.
  Time since last request: 49.745923 seconds.
  path: Assets/Chapter 14 (CSharp)/Game_Chapter14.unity
  artifactKey: Guid(49ce65c462ff540e0a61b27da13091a4) Importer(815301076,1909f56bfc062723c751e8b465ee728b)
Start importing Assets/Chapter 14 (CSharp)/Game_Chapter14.unity using Guid(49ce65c462ff540e0a61b27da13091a4) Importer(815301076,1909f56bfc062723c751e8b465ee728b) (PreviewImporter) -> (artifact id: '65751e56821f5bed9e136413ce46f53a') in 0.00124 seconds
Number of updated asset objects reloaded before import = 0Number of asset objects unloaded after import = 0

========================================================================
Received Import Request.
  Time since last request: 3.360339 seconds.
  path: Assets/Chapter 14 (CSharp)/Sounds.prefab
  artifactKey: Guid(d4b2d8e79a0dabd4a92f9fa5090b3582) Importer(815301076,1909f56bfc062723c751e8b465ee728b)
Start importing Assets/Chapter 14 (CSharp)/Sounds.prefab using Guid(d4b2d8e79a0dabd4a92f9fa5090b3582) Importer(815301076,1909f56bfc062723c751e8b465ee728b) (PreviewImporter) -> (artifact id: 'f49e469b7d5fc274f6ba9f79b30a78fe') in 0.0228394 seconds
Number of updated asset objects reloaded before import = 0Number of asset objects unloaded after import = 10

========================================================================
Received Import Request.
  Time since last request: 4.906018 seconds.
  path: Assets/Chapter 15 (CSharp)/Game_Chapter15_CSharp.unity
  artifactKey: Guid(ab76e35aebe5e4d828dbd0eb1fb9822a) Importer(815301076,1909f56bfc062723c751e8b465ee728b)
Start importing Assets/Chapter 15 (CSharp)/Game_Chapter15_CSharp.unity using Guid(ab76e35aebe5e4d828dbd0eb1fb9822a) Importer(815301076,1909f56bfc062723c751e8b465ee728b) (PreviewImporter) -> (artifact id: '90b97c232215e79be138afb43110ce5b') in 0.0010671 seconds
Number of updated asset objects reloaded before import = 0Number of asset objects unloaded after import = 0

========================================================================
Received Import Request.
  Time since last request: 47.570683 seconds.
  path: Assets/Sounds/rain-and-thunder-sfx-12820.mp3
  artifactKey: Guid(b4ac5e0428ac07546a3e581b2deca088) Importer(815301076,1909f56bfc062723c751e8b465ee728b)
Start importing Assets/Sounds/rain-and-thunder-sfx-12820.mp3 using Guid(b4ac5e0428ac07546a3e581b2deca088) Importer(815301076,1909f56bfc062723c751e8b465ee728b) (PreviewImporter) -> (artifact id: 'fecb97be4c7e805d8fc993db7ce4c2b1') in 0.0410987 seconds
Number of updated asset objects reloaded before import = 0Number of asset objects unloaded after import = 2

========================================================================
Received Prepare
Begin MonoManager ReloadAssembly
C:\build\output\Unity-Technologies\mono\mono\metadata\icall.c:1842:
C:\build\output\Unity-Technologies\mono\mono\metadata\icall.c:1842:
C:\build\output\Unity-Technologies\mono\mono\metadata\icall.c:1842:
C:\build\output\Unity-Technologies\mono\mono\metadata\icall.c:1842:
C:\build\output\Unity-Technologies\mono\mono\metadata\icall.c:1842:
C:\build\output\Unity-Technologies\mono\mono\metadata\icall.c:1842:
C:\build\output\Unity-Technologies\mono\mono\metadata\icall.c:1842:
C:\build\output\Unity-Technologies\mono\mono\metadata\icall.c:1842:
C:\build\output\Unity-Technologies\mono\mono\metadata\icall.c:1842:
C:\build\output\Unity-Technologies\mono\mono\metadata\icall.c:1842:
C:\build\output\Unity-Technologies\mono\mono\metadata\icall.c:1842:
C:\build\output\Unity-Technologies\mono\mono\metadata\icall.c:1842:
Symbol file LoadedFromMemory doesn't match image C:\Users\huang\Documents\GitHub\cs257-3\Library\PackageCache\com.unity.visualscripting@1.8.0\Editor\VisualScripting.Core\Dependencies\YamlDotNet\Unity.VisualScripting.YamlDotNet.dll
Symbol file LoadedFromMemory doesn't match image C:\Users\huang\Documents\GitHub\cs257-3\Library\PackageCache\com.unity.visualscripting@1.8.0\Editor\VisualScripting.Core\Dependencies\DotNetZip\Unity.VisualScripting.IonicZip.dll
- Loaded All Assemblies, in  1.193 seconds
Refreshing native plugins compatible for Editor in 1.78 ms, found 3 plugins.
Native extension for WindowsStandalone target not found
Mono: successfully reloaded assembly
- Finished resetting the current domain, in  1.324 seconds
Domain Reload Profiling: 2514ms
	BeginReloadAssembly (351ms)
		ExecutionOrderSort (0ms)
		DisableScriptedObjects (9ms)
		BackupInstance (0ms)
		ReleaseScriptingObjects (1ms)
		CreateAndSetChildDomain (91ms)
	RebuildCommonClasses (55ms)
	RebuildNativeTypeToScriptingClass (22ms)
	initialDomainReloadingComplete (53ms)
	LoadAllAssembliesAndSetupDomain (709ms)
		LoadAssemblies (564ms)
		RebuildTransferFunctionScriptingTraits (0ms)
		AnalyzeDomain (310ms)
			TypeCache.Refresh (9ms)
				TypeCache.ScanAssembly (0ms)
			BuildScriptInfoCaches (274ms)
			ResolveRequiredComponents (21ms)
	FinalizeReload (1325ms)
		ReleaseScriptCaches (0ms)
		RebuildScriptCaches (0ms)
		SetupLoadedEditorAssemblies (914ms)
			LogAssemblyErrors (0ms)
			InitializePlatformSupportModulesInManaged (6ms)
			SetLoadedEditorAssemblies (6ms)
			BeforeProcessingInitializeOnLoad (235ms)
			ProcessInitializeOnLoadAttributes (596ms)
			ProcessInitializeOnLoadMethodAttributes (62ms)
			AfterProcessingInitializeOnLoad (8ms)
			EditorAssembliesLoaded (1ms)
		ExecutionOrderSort2 (0ms)
		AwakeInstancesAfterBackupRestoration (28ms)
Refreshing native plugins compatible for Editor in 2.14 ms, found 3 plugins.
Preloading 0 native plugins for Editor in 0.00 ms.
Unloading 23 Unused Serialized files (Serialized files now loaded: 0)
Unloading 6945 unused Assets / (6.1 MB). Loaded Objects now: 7789.
Memory consumption went from 197.0 MB to 190.9 MB.
Total: 26.659500 ms (FindLiveObjects: 2.106700 ms CreateObjectMapping: 2.425900 ms MarkObjects: 12.529700 ms  DeleteObjects: 9.593900 ms)

Prepare: number of updated asset objects reloaded= 0
========================================================================
Received Import Request.
  Time since last request: 69.565070 seconds.
  path: Assets/Chapter 14 (CSharp)/Game_Chapter14
  artifactKey: Guid(a431d68f24aaf460588656ecd52ef73a) Importer(815301076,1909f56bfc062723c751e8b465ee728b)
Start importing Assets/Chapter 14 (CSharp)/Game_Chapter14 using Guid(a431d68f24aaf460588656ecd52ef73a) Importer(815301076,1909f56bfc062723c751e8b465ee728b) (PreviewImporter) -> (artifact id: 'af59477141796f922194339d881a8449') in 0.0039583 seconds
Number of updated asset objects reloaded before import = 0Number of asset objects unloaded after import = 0

========================================================================
Received Import Request.
  Time since last request: 0.040495 seconds.
  path: Assets/Chapter 14 (CSharp)/Game_Chapter14/NavMesh-Base.asset
  artifactKey: Guid(baf1f5de5b252406584272f5a30f9d3e) Importer(815301076,1909f56bfc062723c751e8b465ee728b)
Start importing Assets/Chapter 14 (CSharp)/Game_Chapter14/NavMesh-Base.asset using Guid(baf1f5de5b252406584272f5a30f9d3e) Importer(815301076,1909f56bfc062723c751e8b465ee728b) (PreviewImporter) -> (artifact id: '4687c717591ebd901be8c7d0b6686e79') in 0.0327113 seconds
Number of updated asset objects reloaded before import = 0Number of asset objects unloaded after import = 1

========================================================================
Received Import Request.
  Time since last request: 10.889719 seconds.
  path: Assets/Chapter 14 (CSharp)/Scripts/EnemyFSM_Chapter14.cs
  artifactKey: Guid(1e719481f9ee43a5adb86fe9f109c7a4) Importer(815301076,1909f56bfc062723c751e8b465ee728b)
Start importing Assets/Chapter 14 (CSharp)/Scripts/EnemyFSM_Chapter14.cs using Guid(1e719481f9ee43a5adb86fe9f109c7a4) Importer(815301076,1909f56bfc062723c751e8b465ee728b) (PreviewImporter) -> (artifact id: '0a07c9c4a6634f5fc22b55f28cdee56c') in 0.0011481 seconds
Number of updated asset objects reloaded before import = 0Number of asset objects unloaded after import = 0

========================================================================
Received Import Request.
  Time since last request: 0.420760 seconds.
  path: Assets/Chapter 14 (CSharp)/Scripts/PlayerShooting_Chapter14.cs
  artifactKey: Guid(dec513ff25b948f483beb7983f60f2d0) Importer(815301076,1909f56bfc062723c751e8b465ee728b)
Start importing Assets/Chapter 14 (CSharp)/Scripts/PlayerShooting_Chapter14.cs using Guid(dec513ff25b948f483beb7983f60f2d0) Importer(815301076,1909f56bfc062723c751e8b465ee728b) (PreviewImporter) -> (artifact id: '07f464bd3400499624d4d90d8bd50c64') in 0.0008907 seconds
Number of updated asset objects reloaded before import = 0Number of asset objects unloaded after import = 0

