
=== Sat Nov  8 00:53:38 2025

Packages were changed.
Update Mode: updateDependencies

The following packages were added:
  com.unity.modules.accessibility@1.0.0
The following packages were updated:
  com.unity.ai.navigation from version 1.1.3 to 2.0.0
  com.unity.collab-proxy from version 2.0.5 to 2.2.0
  com.unity.ide.rider from version 3.0.24 to 3.0.26
  com.unity.ide.visualstudio from version 2.0.18 to 2.0.22
  com.unity.inputsystem from version 1.6.1 to 1.7.0
  com.unity.memoryprofiler from version 1.0.0 to 1.1.0
  com.unity.probuilder from version 5.0.7 to 5.2.2
  com.unity.render-pipelines.universal from version 15.0.6 to 16.0.4
  com.unity.test-framework from version 1.3.7 to 1.3.9
  com.unity.timeline from version 1.8.2 to 1.8.6
  com.unity.ugui from version 1.0.0 to 2.0.0
  com.unity.visualeffectgraph from version 15.0.6 to 16.0.4
The following packages were removed:
  com.unity.textmeshpro@3.0.6
